_________________git clone_________________

El comando git clone copia completamente el historial del repositorio (incluyendo todas las ramas, confirmaciones y archivos) y configura automáticamente la conexión con el repositorio remoto para futuras sincronizaciones. En este caso lo he usado para copiar todo lo del repositorio p1 de gitt-3-pat para después subirlo a mi repositorio p1 remoto.

@Purruichi ➜ /workspaces/p1 (main) $ git clone https://github.com/gitt-3-pat/p1
Cloning into 'p1'...
remote: Enumerating objects: 6, done.
remote: Counting objects: 100% (1/1), done.
Receiving objects: 100% (6/6), done.
remote: Total 6 (delta 0), reused 0 (delta 0), pack-reused 5 (from 1)

_________________git status_________________

El comando git status muestra el estado actual del repositorio en tu máquina local. Además, te informa sobre los cambios en los archivos y su comparación con el repositorio remoto.

@Purruichi ➜ /workspaces/p1 (main) $ git status
On branch main
Your branch is up to date with 'origin/main'.

Untracked files:
  (use "git add <file>..." to include in what will be committed)
        p1/

nothing added to commit but untracked files present (use "git add" to track)

_________________git add_________________

El comando git add se usa para añadir cambios realizados para posteriormente poder subirlos al repositorio remoto con los dos siguiente comandos. Si se utiliza "git add .", el punto indica que se añadan todos los cambios realizados.

@Purruichi ➜ /workspaces/p1 (main) $ git add .
warning: adding embedded git repository: p1
hint: You've added another git repository inside your current repository.
hint: Clones of the outer repository will not contain the contents of
hint: the embedded repository and will not know how to obtain it.
hint: If you meant to add a submodule, use:
hint:
hint:   git submodule add <url> p1
hint:
hint: If you added this path by mistake, you can remove it from the
hint: index with:
hint:
hint:   git rm --cached p1
hint:
hint: See "git help submodule" for more information.
hint: Disable this message with "git config advice.addEmbeddedRepo false"

_________________git commit_________________

El comando git commit guarda los cambios añadidos con git add en el historial del repositorio local. El texto incluido después de "-m" será la descripción del conjunto de cambios.

@Purruichi ➜ /workspaces/p1 (main) $ git commit -m "Clone p1"
[main be55b13] Clone p1
 1 file changed, 1 insertion(+)
 create mode 160000 p1

_________________git push_________________

El comando git push envía los cambios confirmados (los cambios añadidos al historial con git commit) al repositorio remoto indicado tras el comando, o en caso contrario, al repositorio origen.

@Purruichi ➜ /workspaces/p1 (main) $ git push
Enumerating objects: 3, done.
Counting objects: 100% (3/3), done.
Delta compression using up to 2 threads
Compressing objects: 100% (2/2), done.
Writing objects: 100% (2/2), 259 bytes | 259.00 KiB/s, done.
Total 2 (delta 0), reused 0 (delta 0), pack-reused 0 (from 0)
To https://github.com/Purruichi/p1
   07720b5..be55b13  main -> main

_________________git checkout_________________

El comando git checkout te cambia de rama a la rama indicada tras el comando. Si quieres crear una rama nueva y moverte a ella se utiliza el modificador "-b" tras el comando, antes del nombre de la rama.

@Purruichi ➜ /workspaces/p1 (main) $ git checkout -b new_branch
Switched to a new branch 'new_branch'
